// Jest Snapshot v1, https://goo.gl/fbAQLP

exports[`Boostrapper Router Content Route to Logout with Account 1`] = `"LazyLogoutView"`;

exports[`Boostrapper Router Content Route to Shell with Account 1`] = `"LazyShellView"`;

exports[`Boostrapper Router Content Route to Shell with no Account 1`] = `"LazyLoginView"`;
